TTTTGGATCTAAGAGTACGAACTCGCAACCAACTTCGCCGGTTACTGTATC
TCCTGAGTGCCTGGGGATACAATATGATTGCACCAGCGCGTGTTTGGTACT
CGCAAGTTCCAAATGGAGAATTGAATCAGACCTCGTCTCTGATCGCGCATG
ACTAAATCGCTGCCTCCCAAACGCTGTTGGTGCGATACGTGGATGATGCCA
ACAACGAGTGAGCTCGAGGTGGTTGTGTAGCACTATGAGAATTCACATTCC
CGTGGCGTGGAACACGCAACATTACTCAACTACGGGCGTAATGATTTGGCA
CGCATCGGCGTGTGGAGCTGCCCGTATCGGTGGAGAGGCATAGTGCAGTCG
TCATACGCCAAGACTATTATGGTGCCTCCTGTGTAAGGAATCCACCGTCCG
TCGTAAGGAGCGGTAGGGTTAAAGGCTAATAGCGGTGCCGGGATCTCTACA
CTTTCTTATGCGCAGCACACCGCCGCATGGAACGACTCCGGTTTACAGTTC
CGTACGGGGAATGCGCACTGCAGCCAGCGTGCAGCCTTTGCCAATCATTCC
GATGATCGAGATGCACCACCCGCAGATCGAGCCCAGTAGTGTCGACCCGGG
CGTGTACACAAACAGGGTCACGGGCCTTCATCCTGGACTAGGGCTGATTGC
GGTCGTTGGCACATGTCATGGACCCTCGACGCTTTATTTAATAATCTACAC
TAAGTGTATGGTGAGGACTAACAACCATGTATATGCCAGCGCCCCAGACTG
AAGTTCCCTGATATGAGACTCCTACATCAGTATGCACGCCTCCCTAATCTA
CTACAGCGCAATCAGTCATGACTCGAGGTTACTGGTCGAGCTTCCTTACAA
TCTAAGATCAGTTGCTTATTCGAGAGGCTTACTGTGATTTTGGTGCGTTCA
CCCGGGTTGAGGTTCTTTGAATACGGGATGGCTCACGGATGCAACTTCACT
GGTGAACCAGTTACCACTTTCTAAGAGCCAACGCGAAAGTCGGCTAGGCGG
TAGACGGGGCTGGATTTACCCGATCCCAAGGTCGTTAGGTTGGCACACCTC
AGCGTTGGTCTAAAAATGTGGCAGATGCCACTTACTAACCGCAGAACATGC
TTACCTGACGAGGGCGAACAATCTCCAGAATGCATCATCACCCAGCCAGGC
TGGTTAGTGTTCTTTAATATCCTTACTGTCACCATTTCTTGTGGCCATGAT
ATGGGATAGATGCGATCTTTACCTGGAACAACCCAGTCTCTATCAGTTCCC
ATGCTTATGGTGACACCCAGCTGGTTTTGGCAGTATAGATCCGGTGGCGGT
TGACTCTTGTGGTCACGTGAACACATCTTTTAGGACACTTATTATAATTAT
AACATTTTGCTTGCACATTGCGGAGCTTCTCTTTGAGGTCCCTTTCTAATT
CATCATTAATAGGTCCAGGCCAGTCAGACGCCGGGCGATGTTTCTAATTAC
CCGCCAGGAACATCAGCCGCCACATGGTGCTACGCAAAGGGTCAGGCCTAT
CTAAATGCACTGCCTGAATCAAGCATGTAATTGGCAACGGTAAGTCCGTCA
GTACGGTTAGCCATATAGAGGTCTTTAAGTCGGCATTTGTGACCTGATTCG
AGTGACGAAGACTTCCGTCAACCGAGACTTGGAAGGTATTCTCCTGTCAAA
ACTCCCGCTTGATTTGAAGAGATCCCCGTTAGGTGTGAGGCTGGCATCAGA
ATGAAGTTTCTTGCCAAACCTACATATCCAAACGAAACTCCTTTTCCCAAA
ATAAAAGCCTCCACACCAGCAATTGCGATTACTGACGTTAGGACCGGACTT
CAGGTGGAGTCAGGGGCGGGGAGAGGGCCGAAGCGCTAAAGACGGGCCATT
AATGCCTATCTTAGTAGCCTTTCATAAATTACGCTGTTACCGAACTATACG
TAGAGCTCACTGAGCCCAAGTGCGAATTGTCGTGTCGTGACCATGTTATAA
GTACAACGGGGTTCCTCGTCGCGCACCTGGGCATGCGATAGTCCAACCGTG
CAGAATTATTCCAGGTCAGACGGCCAACTTAACATGGCGGCGGAGGGTGTA
GCCCCAGGATGGTACCCAAATAAAAGGCATTCTTTAGCATGGTCATTGCAC
GTCGTGTTCTTGGCTAATCGGGGTTATTGCAGTTTGAGCTATCGCTAGATT
ATCCTCACCTTTGCTGCAGCACCCACCGCGAGCACCGCTCTCTACTTGCCT
GGACGAGCACCAGACGCCTGGTGGATAGGGTGGCGCTACACTCACGTCACA
AGAATTCGACGACAGACGAACGGGTGCTAGCCACTTAGGAACCAATTCTAG
CAGGATACTTACGCCGGAGAAGTTGCGTTCTGATTCGTTAGATCCGACACG
TTTACACCGGTGCTCGTTTATTCCATATTTAACCGTGATATAGGAGTACAT
TCTCAGACAACGCCGCATCTCAGACGCGAGGCTGCTAGTAATGTGCACGAC
GGATTGGAGAGTAGGCACCTGAGAGGCGGCTATGCGACATAGGAGGTATCG
AGGCTACAAATCCTAGAGTCATGCCTAGGCCGGAGCTTTTGTAGCACCCTG
ATCTAGACATTTCACGGACGAACTCGTCACTCTTGCAAAGCACCGACAATT
GCTGAGGATCTGGGCCTGAAGCATCCCTCGGCAGCCGAACCTAAGGGGCCC
TTGACGCCCGATTCCGGAAGGGGATATGGCCTGAGGCGCCAACTGTGAAAG
CAGAATAATACTGCAAATACATGGTACCCTCTATCCGCTGATTGGCCTGAT
AACCATTAGTCTCAGCTCGGCAGTTCCAGGCGTGAACCTCGAACTAGCAGG
TTATCACGGGAGACTTGTCGCCCGCCGTCGGCATGGGTCTTGGGGGATGGT
AGGACTCCTCCCGTGAGCGAGAAAACTATGACGATTACCAAAGACGGCTTT
GGAGGTTAGGCCTAAGAAGTCAGGCTACGCAAACATAATCCGGCCAGCGAG
TTCCAGTCGCACCCGTTGTCATCAGCTTGTCGGGTACTTCAGGCTCCACAC
CATACGCAGGCAGAATCGCTATCTTACTCTGCCTTGGGCTCGTATAGTGCA
TACCGAAAGTATCCTATATCAACTATCGTGCGAATCGACCAATCAAAGCAA
TGGCGTTGAGCCATGAACAGGTACTTACATTCCGCGATAAATTCTTAACGT
CGATATAGGAAGAAGTGGTCGTCGCACTTTTCCAGATTGGTCTTAAGGTCC
CCACACGCGTTTACACGGTACACTAAGCTAGACGGTGCAACGGTGCGCTGA
TCAGTCATGCCTTCCGGCATGAGCCTGTAGTCTGACGCCCCTTGAAAGTTA
CCCCAAAGACCACCCTTGCACGGACGTATTAATTCCGCAACAGCTGGCCCT
CCTGACACCCCACCCTTCATATCCGAGCGAGTGAGAAAGACATATCCAAGA
CTGCAACTATTCTAGCTGGACTGCGGAGATTCATAGTCCAGTCACTGAACA
GTGAACGACCAAAACGCCAGGAACCGGTATTACTTTGATGGACCTCCCAAG
GCGATCCTATGACAGCGCTGTCACACGCCGGAAGGCAGTCCTCCGAAATAC
GCATCACCTGACTTAGCGCACTCTTAAAATACCTGCTAGCATTGACTTCTT
TGGTGGTGTTTGGACTCAGAGTTCAGCTTGACGATTCGGCCATCGTCCCAG
GTCAAAAGAGGGCAAGACAAATGGAGCCCTACTACTTTTATTGGTCCACCC
ATTATAGCTATCACCGTACTTTTTCGGGGTTCGGGCGAATGATGAACCTGT
TCGCTTTGGCATATTACGTGGCAATGACGTTTCCGCTCGGTCGGGATGTGT
ACCGCTGCTCTCCTTAGCAGGATGTCCACAGCGGATAATCACTTTATAGTT
CCCTATAAGTAACCTACGACTAAGCTCTGGCACTTGAAGTGCCTATGATTG
GCCCATACGCAGGCACAACAAGTGAGTACTCTGAGGTTAGACGTCATGCTA
AGGGATGGAGTCACAACCAATAGTTCCCGCCTCAGCCGTTTGCCATCCGCC
CTACTGAGTCGCAAATGGGCGTAAAAGTCCGTTTTAACCTAGGAACGCTGC
TCTAGGTGAGCCATTGTAGGTCGTGATGTCGGCCATGAGCTGTACAACCAT
CGCTCGCAGTCACTCCGAGGGCATACACGTTTCAATAATAAACAGAGTGGC
ACTTTGAACCCACGATGTGTGGTATGTAAACCTGGGACGAAATATCTCCCA
CTCCTGTATCTGGTGCCGGAGTAACTGCGCGGATTCAGTTCTTTTGCCTGA
CATCGCTCAAATATACATTAGGGGCTCGATCTGGCGGAACACCTAAATCGA
TTGAGTTTCGGCCTGATCCGACCGGCACGCATTTAAAGCGGACCGACGTGT
CCGCGTAGATTTCTGTCCCAGCTGCGCGTGTGTGCTTCCGATTAGCGAGGA
ACGTCAAAGTCCTTACACGCAAAGACCTGCTTCTGGCCACATAAACTCTGC
GAAAGAAGGACCGTGGACGAGGCCATACGGATAATCACGCCGACGATTTAG
GGCATAGGGCCCCCCAATGGCCAAAGCAGACTGGTTAGCTGTGTTTCTACT
CTAAACCGCTAACAGATTTTGTTAACACCGGTCACTATCTTAATGAGTAAC
TATCTCACTGTCAGCTAACTCACCAGGCGGTTCATACCTAGCTCGACGAAG
CGACCCCCAACCTGGGAGTCTACCTTCCAGAATTGTCTATTTCCTACAAAC
AGAGTCAACTCAGAGTGTTATATCTCGGCGTGCACAGTTTCACTCCGCTAG
CAGTACGATATCATCTTGCGACGAAGCGCTTGTCAAACTCCGCCGGCTGGC
AGAGCATACCTGGACAGCGCCCATTCATGCCTCTGAGCGTTGATCCTATTG
CAGACCTTTCTAGTGATGGGACCTAGGACAGTCCAGCTGAAGATGGAAAAC
GTTCTTGATGTCGTGTTAGTCCCCAGCCTCCGACAGAGCCCATCGTTTTTA
AAGGAACACACCGGAGGATAGATGTGGTCTGGCACGAAACCAGGTAGACGC
TGAGTCGCGTCTTCATCCATTGAGATGCGAGAGGTACGCTCTTACCGACCG
GGCCAGGGACTATTGCGCCTCGGAATTAAACAGGGTGCCAAGCTTTAAAAC
TTACGGTCACTTTCAAGCTGTAGCAGAATACTTCGGTGACCCCTACTGACT
AAAGCCCAGAGTCTGGACATGTCCTCGACGTTTAAGACGTACATAGCCGCT
GCCGGTTTTTGCTAGAATCGCCTTGTGACGACGTGTTGCACATCTCCCAGG
AATGCAGGGTGGTGCGAGATTCGTCCTTGCATCGGGGAGGGATCGTTGAAT
TTCTGCATTAGGGAGAAAACAGAGGTTGGTTCAACCACTCTGGCGGCGAAG
ATTTGTGGGTCGGCGATATCCTTCACGTCTCGATGCCCATACTACCTTGCG
CCAACTGCAAAATACGATCTAATCTAGTAGCTGCACTCAGAATAGATCATG
GATTGCATGCGTAACCTCAGACCTTAACAGCTGTCGACGGATACTGTGCTA
GCACACGGGGGAGTGAGCGCAGATTGGTGGCTTCTTCCCGGCGGTCTCAGG
GCGGTTTAAACAGGAAAGGACCTCACTCTTGTGAGATGGTTGTCCCGTTGC
CCCACTCAGCCTAATTGATCTGTAACGTCGTCTCTTTTACTTAACCCCCGA
CAATGAGGAACCCAACTTGCACGCTGGGATGCGAGAGAGTGTGTCCCTCGG
CAACCGATAGTAAGTCAAATCCATGAAATCTAACCCCACAAAGAGGCCAGG
CAACGCCAACTTAGCAGTGCCTGGTCATTCCCTACGGCAACAGCGCGGTGT
CGGAGCGCCGGGAAAAATCGGCAGAACGTATAGATACGTGTCGCGCTGTAA
TGATTAGGTCTTTTGTGCTTCGCCCGAGCAGCACGCTAGTGATAGCAATAA
TTCCCGTACTGGTTTAGTCGTATTACCGCTTTAATGATGTATCTTAGTCCT
TTGTAGAGAGCAATACTCAGGAGGACGGACACCTGGAGGAGAACCTCATGT
CTCATGGTGATCCAGACTTAGGTCAGCTCCTGGTACAATAGCTGACGACGG
GTTGAAGACTTGCGGACACGGCCTTCAACGGATCTGGCGTAGAATAAGTCG
TGAAACTGCTTATTGAGGTACGCTCATAATCAGTGTCATGCAATATAGGTT
CTATTATAAGGACGAATCCCTACCCCCACATCCCACCTGCTTCGCGGAGCG
CCTCGAAATGCCAATGAAGCTCCAACCGCCATCAAGGATTCTATCCCTGCT
TGAACTGTGCGCTTAGTGGGCTGTCCGGGAGTGGCTCGGGTATCTTTTGCC
TTTTCTCACGTTGTGCAAATGGTTCTCACGTCGCGTAAAAAACTTGTTCCA
AGGTTAATCCGACTAGGTTAGTTATCATAATCGTTCGCTACGGAGACACGC
TCCACTGGCGTTTATCGCCTTTGTAGTGGGCAGCAACGAACCGACACACCA
TCAGGAAATTTGCTATGCCTGTACCGCGGCGGGATTCCCAGCTCTCATGCT
AGCGCTTGGTGAGATGTACTCCTTTTGAGGAACTAACATGCACGCATCAAA
GGAGATAGGGGTATCAGCCAAGATTGGACCCTCTGGTCTTGTAGGTAAAAT
ACAGCAAGTGAGGCGCCAATGTCCGCACATCGAGGTAGGAATTGTCGCCCA
ACTAATTTCCGCAGATTCACATTGACAGATAGGGAGCGGTTTTCACTGCTA
ACCCTAGCGAATTGAATCACTGTGGCCTGACCCTTTGTCACAGCCAATTGC
ACGAACGCGTTTATGACCATAATATGCGTACCTCCGAATCAGCCGCCAATT
TTAACTAGAGGGCGAAGATCGCTCGAATCGTTGATAAAAACTATGGTGTGC
AGCGTAGTATGACTGGGATCGGCGCTCCTAAAGATACCCGGGTTTCTGGGC
AAGGCTGTAGGTAGCCTCTACTCAAAGGTGGGGATCTTGCGAGAGTGGAGA
GCGCATCCGCCGTCCTTTCCTACCCTTGAAATTGTCTCATACTTGTTGTGG
ATAGGTCAAACGGACGTCTCTGCCCCAATCAGCTACGAACTCAGTATCAGA
TGGGGGTTCAAACAACGCAATTTGACGGCTGCCTATGCTATGTATATCCGT
TTTAATGGGCGTGCTATTAAGCAATCATGGCAGGCCGCGTAGGCACGCAGG
TCTCAGTCCCTGACACGGATCTAATGTAGGATCCCTCGGATATATAAGTAG
CATTATTCGCGTAACGGGATTTAAAGAACTTGTAAACATTACGCGTTGGAC
AGAAGGTCATACCGGTAATAGTACCAGTATATGAGGCAGCGCCTTTATGGC
AAACGAACGGCGCCTTTAGGCAAGATAAGTCCCGGGTCGGTCAAGATCGCC
GCCCCTACACGGCACTGATCTAGTCGGCAGTCTTATAAGCGAAACGCTACG
TACGGACTCTGCTCTCCCTTACCGCCACGTAGGCATCATGGTCTGATCCCC
GCTCAGAAGGTCATATTGCAGGTGGACAGGAGCTCTCCGTGGGTCTCGAGC
TTTATGGCTCATATCGTTTGGGTTCGTCGCCCCTATCGGTTGCGTGGGGTA
GTTAAGGTACGTGTACTCGGGTGAAGTCCGTAGCGATTATCACCCGTTACT
GTGACCCATCGGAGCTGGACCGCGCAATCGAAGGTCATACCTAATCCAACC
GAGACTCCGAAGGAGTGCGACCGCTTCCACACTCCGACATCCTGGTAGAGC
CTGTGTGACTGTCCGCTCCCATAACTATTGCATGTACGTCGAAAATGTAGT
ATACGATCGTTGGGCTAACGTTTCATAGCCGTAATAGGACGATTCATGCAC
ACCACTACCTAATCGCAATTGTTTCGATCCCAACGTAATGGCAGAAATAAC
ATTAACCAGCCGCACTCCTCGCCATACACTTATCAAGTCTTTTAAACCCAA
CCATTGAAAAAGTTTCCCTAACCGCTTACGAGCTTTCTTCAGTAAAGGTTC
AGCTTGCCTCTTAACTAGATATAACTAAACTCCCTTTACTTTCGTCGCGAT
GGGTCGAGCCCCAATGTCCTAAGTGAAGGCTACATACAGAGGAGCCTGAAA
AGAATGGTTCAAACTATAGGACTTGTCTAGATTACGATGCAAAGATTTTAC
GGATAACGCTGCACGCACGTCAGCTGTCCGGGACGTAATGTACGTACTTTG
ATCCGCTGGTGGCCGAGTGGATAACGCAACATTATTAAGTCAAGTCTAGCA
TGTTAGCACATGAAAGGGGCAGACATACGCGTGCGCGGATCTATAGGCGAT
CATTCTTTAATGCGACCTAGCGTCATTCACGTTAGAACAGCGTACACTCTA
CATGGTACTAGAATTACCGTCAGGTCCGCGTGCCTCTCCTGCTGCTCGTCC
CGGAGGACACCATAAACCGATTTTCTGCGGAGCATCTGCCTTGCACCCAGT
GAAACTTGTTATACTAAGTAGCTTGCCTGACTTATGTCGCGATTTTACAGT
GCTTACATAAGAGGTAGAGATAGAACCGGCCGTGGTGTTGTACGCGTCGCG
ACTATACGCCGGTGTGGGCGAGAGATACTCTAATGCTTTTGCCAAGTCGCA
TTTGGTGTACCTTTTAACGTAACTACTTTACCCCCATTGGGAGTAGTGCTG
GTGTACGAATGATTGTGAGCAAAAATCGAGCCAACCCTTCAGGCACCCGAC
CTTCAGGCTGCTCCAGGGTACAACCTAGACGCCTCACTTCAAACACCTCAA
GGGGAATCAAGCGTGACACGCTCGTGTGCCAGCAGGAATTTGTGGAAGGAA
CGCATTTTATCCACACCGGCATTCGAGCTCGACGATTCTGTGGTAGTTCCG
CTCCACTCGTCTTCTTTGGTATCGTTGTGGCGGCTCAGACCCCAGGGTCCA
CAGCACGACTCTCACTTGGAAAATGAAAGCGCCCCATAGCTGAGCCCGAAC
TTCTCGCGTTATAGTCTCACGCTGGCCTTTTGGATTGTTTGCTACTTCCGG
AGCGGCTTAGCTCGTGGGTGGCTTGCTAAGTAATGACATACGAGAATTCGA
CCGTGGCTCAGGAACCGAATGGAGCTTATGCGCGCCCAAGGCCTAGGAACC
TTAATCCGAATTCACTTCTACACCGTGCCGCGTTGGTCTCCGAGTCTTGCG
GCGATGCCGCGGCCATGAAGGGTCAGTCTGTTAGAGCGACACCCATCGAGT
AAACCTACTAGTTCACATCCACCTAGTCGATAGGAACCCATCGTGTCAGTA
AGTCCGGGGCAGGCATATTCCAACGGTAGCTTAAACAGACAAACCCCTTAA
CCACTAGCTGTTAGCCTTGATGTCCAAGCACGCAAAACTTTAAAGGCTAAG
CGGTGCGTTAAAATGCGTACAGGAGGTGAATGCAAACCACGTCGACCGGAC
GATTTCGGGGGGACGAGTTAAAGATCGAGAATAGAAGACGGATGTTCCGGA
CCGCTGATTTGGATTCACTAACAAACCTGAGGATCCAGCTCCGTAGCTCGG
CGGAGACTACATAAGATCTTTATTTAGTTCTTATGGTGAGGGCACATTTAT
TAGATCCGATATCCTAGGCTTCGGAACCCGTAGAGCCGACTTATAAAAAGC
GTAGTGGGTGAATTGCCGCTGACCGATAAGGCCCGGTCTGGGTACATGGGT
GCATTCGACGATGATTTATTGATCCGTTAGGTCACCCGGATGCCGCATGCG
GGTAGTAATATGGTACCTGATGTCTCGACGTACCCTGTCCTTAGCAGTACG
ACAAGTAAGTTCAATGGTTATCTGACTTTGGGGCCTGACCAGCTTCTATAT
GTCCGGTACCACCCTAACTTCGCTCCCGTCCGTGTTGCCGTTTGTGATTTA
TTTTTTAAGAGCCAGGGTAAGTCCCCGTTTCGCCCATCGACACGTCCGTAC
CCTCCGTGGCAAGGCAAGGTTCCTCCGGAGTCAAATCCATCATGCTGTAGG
GTCCTGGCACGCCCGCCGGCGAGCTACCGGACATACGGTTTTAAGCCTGAG
TTATTGGGCATTCCCCTCATTCCTCGAGAGTAGTTACCTCTCCAAAGCATG
ATCTCGCACTATACCGCTTTGTATCCAAAATTATTAACCCGCATAGTCGTG
TTTCCGTACACTCTGTGTAATTCAAGATAGGGTCGTGAGCGGGTCATTTCG
TCCGACAAAGACGTGTCAAGGCTTCTCCATAGCGGCTACATCCGGCAGGTA
CTGTTGACGTGGGGGGTCTACCACGCAACCTACTCATCCAGTCGCCATATG
CGTTAGGCGGAATTTACAGCCCTAGTTCATAGGTTAACTAGCGTTCTAGGA
CGAAGACAGCTTGTTAACACGATGTGGTACATGTGAGTTCGTCAGCGGTAG
CAGCGAAGAGTCAGCTTGCCTAACGGTATGGAATCGGTGGGCAAACCTAAG
AGCTGCGCCACATTGCCTAAGGGGATGCACGGGCATCCCTCACTCCTCTGC
CTAGAGAAGCTGAGTGAATTAAGTATGACAACCATCCAGTAATATAACTCA
GAACAGATGCACTGCGCACTCACATGCACAGCATCTCTCGATCCCCCAAGG
TTGCATCATTGTAAGGATCGACATTTATACGAATACCACCCGTATGTAAAA
TGATGACCCATCCTGACGTTGCTCACACGAAAGGGGTCCGCAGATGTCAGC
ATGACTGCTAACTTTGAGGACTGGCACCTGGCCATAGCGGACTACGGAGCC
CTAATCTAACTACATACTCTCCTTAGTATAAGGACTCGTCTTCGGATTTCT
GTTTGTAACGTTAGGATCTGGCAGTCCAACCTCACGGATTCACTGGTTAAC
AAGCCTTGGTCATGCGCTGACCTTAAACTTAGTACCACAGATGGATATGGC
ATCGCGCGAACACCGACTGCCGTTTGCCACGATACTATTACGGCTATTTGA
TGGGATCACTTCAACCATGTTTGAACAGCGCTAGGGGTCCGAGGATGTATT
CATGTGTCTTCATTTATCCGCCGACGTTTCCCTTAGTGGTAAGCACGGTTC
GAGCTTTATCGGACCTGTCAAGGACATCACTATTTGTGAAAGTTACACTTC
TGACCCGAACCCGACGGACACATCTCTCTTTGCCTAGCATAACAAACTCGC
GGACCTACTACGCGTAAGTTAATAGAATCGGGGCTATCTCAGCCCGTGTAT
AGTATACCATCCGTTTCTAATCCGTAATAGCGGATATACGAGTAAGGCACA
CCGGTCTGAAGTAGACATGCAGACCGACATGACATACGCTATAGTTTTGAG
AGTGGTTGCAAGAGAAACATAGGCATATCGCCACCTATGACGATAACCTCA
GTTTGGAAGGTTCCTATGCAAGCTACGTATATCATATGCTTTTAAATTCTC
AGGACCCCTGGTTATGGTCCAAAAACAAGAGGGTCTTGCTATCTTGTCCAT
TTGCTGGGAGGTACGGGAAATTCGTCATAGAGCCAAGTTACTATTTCTAGT
AGCATGGGCAAAGTGACAAGAATAACACCCCGAGCGTCTTGGATAGGGGTC
AGGTAAAAGGTCAAGGCGGCCTACTCGCCGTCCGCTCGTCTAACAGTGGCG
GCAGTAGATAGCACAGCTACATTTCAGATACGCCAGACGTAACCATAACAT
CCGTCTCCGGAGTCTAAGTATAGAAGTCAACTCCCAAGCACTGCCTCAGCA
GGTCTCGGCCGGCCAGTCACGACCTATCGCGGTCTAATGTCGAGACTGTTC
ATAGGAAATGTGGTGCAGTTACCCAATCACATCTTCGTCAGGGAAATTCCG
CACTTAGAACGCCGGTCCCTGGAATACGGTGATATTCACCATCTTCCGCTT
TTGTAGTCTGCGCACGATCACAAGCGGTGCTTCCCCTGTGGGGGGAATCCT
GCGTGTCCGTTTCATAACGTTCGTCCAAATTACCCAGGCGAGCAGTCCGCC
AGGCAAACCAACCGGGCCCAACACTCCGTCCTTTGAATTCTTTCGCGCTCA
TGAATTAAAGCAAGATGTCGGCCTCACAGTTGGATCTGCACTGCGTCAATA
GACGCGTGGGGCTCCCCCCCACAGTGAGTAGTCAGTGCAAGTGAATCTACA
TACCGAGTAGCGCCTCGTTGGGGTCTTGCACACCCGTTCGGCAATCCGTAC
CTACGCGATCTCTGGTGAGCTAGTGAATGTATGAGCCCGTGGAAACGTCCT
CTTTTTGCTGCTTGGCCGCGAGCTTCACATGTGGGGTCTGGTAGTCGTCTT
TGCCCACGGTTTACTGCACGGGAACCCTTCAGTTGAAGGGAAACACTCGGA
ATCTTCCAGTTTCGGACTGGAAACAGCGCCGGTTGCGTTGAGCAGTTGTGC
TTTAGCAAACGAGCAACAACCTTCATGAGATAAGGGATGTTCGAGGCTTTG
AAGGGCGGATCCTCATGCATATCGGGGATGGGTATACGTGACACAGCGCCT
CTGAGTATGTCCGCCCTTGCGAATCTAGAAATCTTGAGAGCATACTGCTGT
CTAGCCTCATGATTTAGCGGTATGAAGGTGCCAGAGCGATTAGATAACGAT
CGCAGCCATGCCTCGGAGCGTTAGGAAATTGAACGGTTCTGCATAAATATT
CACAAGCGTATCATATCTCCAGCTCACATGGTCCTTTCTGTCATATCTTAA
AGTTGGCCCTAACATCATAGACTTTCGCCCCTACAACTACATCCAACTCTG
CCTATCGAGCTTTACCGTAGGAACAGACGTCGCTGTTTCATCCAACCATGG
GTGTGGGGAAGTACACAAAGGTGCTATAATCTATCTTTAACTGATCACGAG
ACACGAGGCTGTCATCAAGATCGCTATCCTGAGCTAATCCCAGAGCTCGGC
ACTCCTCAACCGCAGGGATGGAGCGAAGTGGGAGCCAAGACGGTAGATTGG
CGAATTCAGCCATGGAGGTTCGGCCCCACGATTTTAGCTCCCACGTCTCGC
ATACATTCGTCGGTCGCCGTAAGAGGGTAATGAATAAACATGTCTTCCATC
GTTCACTCGATCGCACGAGCTATAAAATATAATTAGCTATATGGTTGGATT
CACTGATCGTCGTAAACGGCCTGCGCCATATATGTGAGTGTAAGGGGGACG
ATAGTTTTACGATTGGAAAGTCTCACGACTCAGAATTTGCCTAGGAGTAAC
AGTACTGGGAAAATGCCCTGTCTGAAACAGACTCGGAGAGTCTCCGTGCGT
TGGCGGACGCGTTGGTATCGGGAGAAATCCCCAAGGCTCAGAGTTCTCCCT
CGTTCGCTACCTAGGTTAAGTACGCCTGCTAAGGAGCTAACTCCAAAAACT
TCCTAGTCTCAAGGGGCAAGAGAGGGCATACCTGGTCACTTGACCAAATGT
TTGGAGCTTCCAATAGCTTGTACCTTATCAGTCAATTGAATTGCCGTATAC
CCTCCCCTATGCACTGTAGTAAATTTATTATGAAACGAGATCTCGCTAAAA
AATGGATGCTACAACTATGCACTAGGGCCACGTCCACAGATGACCTACCGG
TGTCCCCTCCCCCAGGCGATAGACATAAACCGACTGCAAGCCGGTACGATA
CCCATAAGACTGAAGTTACTATGTTATACGTCCTAAAACTTTAAGCCGGAA
TGGTAAAACCGGACTAACCGGGATGCCGGGGTGATCTTATGCTTGAAGACA
TGCAAAGCGTTGACCAAAATTTCAAATTGTCAGCCTTCTCGTGTGTCCAAA
GGAGTTGTCACGAGCACACCTGATTCCAGCCATAATGGTACACCACGGGCT
CACAGCGCTCGAGCAAAATTATGTGCCGAGACCATGTTGGGGAATCGGACG
TTTGATGGCACGGCTCATTAAAATCTTGCTTGGCTCGTCACCAGCCTGTCC
TAAGACTAATAACATTTAGGTACGGACATGTTGCCAGTAGTTTTAGGCTGT
AGACCTCTAAGACCAGTTTGGATATTCCGGGGGAATTCCTCTATCCTAGGT
ATCGGGAGAACGTAATTAGTTCAGGTGTAGATAGCGTCTAACTCTAGGCTC
AGGGCCATCTATAGCTGTGAGCTGATCACTTTTTCTAATGGGTGTCACTAG
CACAGGAATTCCTTCGACCGATGCTAATGCGTCGATCTGACATGCTGTCTC
GTGAGGATAAAATTTTGAAAAGTATGGTGAGTTTCGGCTACATTCAGGTCA
AGTCATTGACATCGGACGCCAGCCCCCCTCGAACTGCATTATATGCAAGGT
TTCTGCTCTGTGGAGAAAGCCTCTCGACTTCCAATTGCCAGAGAGTGCGTT
GTTAGGTGCTATTGAGAACAGGCTAACCGAAGTAATCCGGGGCCCTTTTCT
ATCTTCCTCATTTCCTTGTCGCACCAGTCACGGGTTTAGCTGTGCGTCATG
CCAACTTTAATTGATGGGCCGTATGTAACATCGGGCGTAGCGCTACCGCAG
AACCGCGACGGTTTTCGACACGCACTAGTCTATTTTGTAGATCATTAAAAC
TTAAAGTTTCGCAGGCAAAACGTCGGAGCGGCTAGTCAAGTGTCTATATTG
TTTCGGACGATAGCCATTCGGATCTCTAGATTTAGCCAAAACAAGAACGTG
AGTTCCCGCTAGCGGTCCGCCTTTTTTCTGCTGGTAAAGACTGCACATTCC
GCAAATAGTGGCACGACGGGTAAAAGGAATATACCCAACATCGTTTTTCCC
TTTAACGGGTAAGAAATCCATTCGTCTTCTGTAATATACCAACCCTTGTTC
CGAGTATCCGTGGGTCGGTTTAGTTCCCTACGGCGGCTCATCACTCCAAGC
ATTTACATCCTGGAGCAGTCATCGTGTGGCACTGGGCTGAGACTTACGTAC
CTAAGGGTCAGGGATGCATATGCCTCTATTAGCTACATCGGAATTGGGTCG
ATGAGAGAGCCCAATGGGGCTAAAAGCCCTCCGTTTGGAGACTTGTCGCGC
TATGAGTCAATTGCCTAACCGAGTATATCTGCAGAGGCCGGAGGAAGCTCC
CGCAGCCAGAACGGCTAGCCGCTAGAAGTTTCAGACCATTACCAGACGCTG
GGTCTGGAGCAAGGGCCCTTGGGTGTTGAAAGCCGTGGCGGAAATAAGTCT
CCAGTTATTAAGCATTCTTAGATCCGCAACCTCATAGGACCTACTGGCTTC
